// Jest Snapshot v1, https://goo.gl/fbAQLP

exports[`renders correctly 1`] = `
<div>
  <h2>
    Welcome to my Math Magicians website!
  </h2>
  <div>
    <p>
      I would not dare to say that there is a direct relation between mathematics and madness; but there is no doubt that great mathematicians suffer from maniacal characteristics, delirium and symptoms of schizophrenia.
    </p>
    <br />
    <p>
      Why are numbers beautiful? It is like asking why is Beethoven\`s Ninth Symphony beautiful If you don\`t see why, someone can\`t tell you. I know numbers are beautiful. If they aren\`t beautiful, nothing is.
    </p>
  </div>
</div>
`;
